// Jest Snapshot v1, https://goo.gl/fbAQLP

exports[`should correctly render Quote page 1`] = `
<div
  className="text-dark"
>
  <h2
    className="text-dark fw-light text-center"
  >
    Quote Page
  </h2>
  <p
    className="text-dark fs-5 text-center"
  >
    Mathematics are the result of mysterious powers which no one understands, and which the unconscious recognition of beauty must play an important part. Out of an infinity of designs a mathematician chooses one pattern for beauty’s sake and pulls it down to earth.
  </p>
  <p
    className="text-dark float-end fw-bold"
  >
    — Sofia Kovalevskaya, Russian mathematician
  </p>
</div>
`;

exports[`should correctly render Qut 1`] = `
<div
  className="text-dark"
>
  <h2
    className="text-dark fw-light text-center"
  >
    Quote Page
  </h2>
  <p
    className="text-dark fs-5 text-center"
  >
    Mathematics are the result of mysterious powers which no one understands, and which the unconscious recognition of beauty must play an important part. Out of an infinity of designs a mathematician chooses one pattern for beauty’s sake and pulls it down to earth.
  </p>
  <p
    className="text-dark float-end fw-bold"
  >
    — Sofia Kovalevskaya, Russian mathematician
  </p>
</div>
`;
